// Jest Snapshot v1, https://goo.gl/fbAQLP

exports[`Employees should render correctly 1`] = `
<div
  class="col-7"
>
  <h2>
    Employees
  </h2>
  <div
    class="row"
  >
    <div
      data-testid="letter"
    >
      Letter
    </div>
    <div
      data-testid="letter"
    >
      Letter
    </div>
    <div
      data-testid="letter"
    >
      Letter
    </div>
    <div
      data-testid="letter"
    >
      Letter
    </div>
    <div
      data-testid="letter"
    >
      Letter
    </div>
    <div
      data-testid="letter"
    >
      Letter
    </div>
    <div
      data-testid="letter"
    >
      Letter
    </div>
    <div
      data-testid="letter"
    >
      Letter
    </div>
    <div
      data-testid="letter"
    >
      Letter
    </div>
    <div
      data-testid="letter"
    >
      Letter
    </div>
    <div
      data-testid="letter"
    >
      Letter
    </div>
    <div
      data-testid="letter"
    >
      Letter
    </div>
    <div
      data-testid="letter"
    >
      Letter
    </div>
    <div
      data-testid="letter"
    >
      Letter
    </div>
    <div
      data-testid="letter"
    >
      Letter
    </div>
    <div
      data-testid="letter"
    >
      Letter
    </div>
    <div
      data-testid="letter"
    >
      Letter
    </div>
    <div
      data-testid="letter"
    >
      Letter
    </div>
    <div
      data-testid="letter"
    >
      Letter
    </div>
    <div
      data-testid="letter"
    >
      Letter
    </div>
    <div
      data-testid="letter"
    >
      Letter
    </div>
    <div
      data-testid="letter"
    >
      Letter
    </div>
    <div
      data-testid="letter"
    >
      Letter
    </div>
    <div
      data-testid="letter"
    >
      Letter
    </div>
    <div
      data-testid="letter"
    >
      Letter
    </div>
    <div
      data-testid="letter"
    >
      Letter
    </div>
  </div>
</div>
`;
